  Determining projects to restore...
  All projects are up-to-date for restore.
D:\Time Tracking - CRM\time-tracking-csharp\SCHLStudio.App\ViewModels\LiveTracking\Tabs\QcTabViewModel.cs(85,38): error CS1061: 'LiveTrackingSessionModel' does not contain a definition for 'TotalFiles' and no accessible extension method 'TotalFiles' accepting a first argument of type 'LiveTrackingSessionModel' could be found (are you missing a using directive or an assembly reference?) [D:\Time Tracking - CRM\time-tracking-csharp\SCHLStudio.App\SCHLStudio.App_zrzgz2m3_wpftmp.csproj]
D:\Time Tracking - CRM\time-tracking-csharp\SCHLStudio.App\ViewModels\LiveTracking\Tabs\QcTabViewModel.cs(85,60): error CS1061: 'LiveTrackingSessionModel' does not contain a definition for 'TotalFiles' and no accessible extension method 'TotalFiles' accepting a first argument of type 'LiveTrackingSessionModel' could be found (are you missing a using directive or an assembly reference?) [D:\Time Tracking - CRM\time-tracking-csharp\SCHLStudio.App\SCHLStudio.App_zrzgz2m3_wpftmp.csproj]
D:\Time Tracking - CRM\time-tracking-csharp\SCHLStudio.App\ViewModels\LiveTracking\Tabs\QcTabViewModel.cs(86,38): error CS1061: 'LiveTrackingSessionModel' does not contain a definition for 'CompletedFiles' and no accessible extension method 'CompletedFiles' accepting a first argument of type 'LiveTrackingSessionModel' could be found (are you missing a using directive or an assembly reference?) [D:\Time Tracking - CRM\time-tracking-csharp\SCHLStudio.App\SCHLStudio.App_zrzgz2m3_wpftmp.csproj]
D:\Time Tracking - CRM\time-tracking-csharp\SCHLStudio.App\ViewModels\LiveTracking\Tabs\QcTabViewModel.cs(86,64): error CS1061: 'LiveTrackingSessionModel' does not contain a definition for 'CompletedFiles' and no accessible extension method 'CompletedFiles' accepting a first argument of type 'LiveTrackingSessionModel' could be found (are you missing a using directive or an assembly reference?) [D:\Time Tracking - CRM\time-tracking-csharp\SCHLStudio.App\SCHLStudio.App_zrzgz2m3_wpftmp.csproj]
D:\Time Tracking - CRM\time-tracking-csharp\SCHLStudio.App\ViewModels\LiveTracking\Tabs\QcTabViewModel.cs(87,38): error CS1061: 'LiveTrackingSessionModel' does not contain a definition for 'TotalTime' and no accessible extension method 'TotalTime' accepting a first argument of type 'LiveTrackingSessionModel' could be found (are you missing a using directive or an assembly reference?) [D:\Time Tracking - CRM\time-tracking-csharp\SCHLStudio.App\SCHLStudio.App_zrzgz2m3_wpftmp.csproj]
D:\Time Tracking - CRM\time-tracking-csharp\SCHLStudio.App\ViewModels\LiveTracking\Tabs\QcTabViewModel.cs(87,59): error CS1061: 'LiveTrackingSessionModel' does not contain a definition for 'TotalTime' and no accessible extension method 'TotalTime' accepting a first argument of type 'LiveTrackingSessionModel' could be found (are you missing a using directive or an assembly reference?) [D:\Time Tracking - CRM\time-tracking-csharp\SCHLStudio.App\SCHLStudio.App_zrzgz2m3_wpftmp.csproj]
D:\Time Tracking - CRM\time-tracking-csharp\SCHLStudio.App\ViewModels\LiveTracking\Tabs\ProductionTabViewModel.cs(83,38): error CS1061: 'LiveTrackingSessionModel' does not contain a definition for 'TotalFiles' and no accessible extension method 'TotalFiles' accepting a first argument of type 'LiveTrackingSessionModel' could be found (are you missing a using directive or an assembly reference?) [D:\Time Tracking - CRM\time-tracking-csharp\SCHLStudio.App\SCHLStudio.App_zrzgz2m3_wpftmp.csproj]
D:\Time Tracking - CRM\time-tracking-csharp\SCHLStudio.App\ViewModels\LiveTracking\Tabs\ProductionTabViewModel.cs(83,60): error CS1061: 'LiveTrackingSessionModel' does not contain a definition for 'TotalFiles' and no accessible extension method 'TotalFiles' accepting a first argument of type 'LiveTrackingSessionModel' could be found (are you missing a using directive or an assembly reference?) [D:\Time Tracking - CRM\time-tracking-csharp\SCHLStudio.App\SCHLStudio.App_zrzgz2m3_wpftmp.csproj]
D:\Time Tracking - CRM\time-tracking-csharp\SCHLStudio.App\ViewModels\LiveTracking\Tabs\ProductionTabViewModel.cs(84,38): error CS1061: 'LiveTrackingSessionModel' does not contain a definition for 'CompletedFiles' and no accessible extension method 'CompletedFiles' accepting a first argument of type 'LiveTrackingSessionModel' could be found (are you missing a using directive or an assembly reference?) [D:\Time Tracking - CRM\time-tracking-csharp\SCHLStudio.App\SCHLStudio.App_zrzgz2m3_wpftmp.csproj]
D:\Time Tracking - CRM\time-tracking-csharp\SCHLStudio.App\ViewModels\LiveTracking\Tabs\ProductionTabViewModel.cs(84,64): error CS1061: 'LiveTrackingSessionModel' does not contain a definition for 'CompletedFiles' and no accessible extension method 'CompletedFiles' accepting a first argument of type 'LiveTrackingSessionModel' could be found (are you missing a using directive or an assembly reference?) [D:\Time Tracking - CRM\time-tracking-csharp\SCHLStudio.App\SCHLStudio.App_zrzgz2m3_wpftmp.csproj]
D:\Time Tracking - CRM\time-tracking-csharp\SCHLStudio.App\ViewModels\LiveTracking\Tabs\ProductionTabViewModel.cs(85,38): error CS1061: 'LiveTrackingSessionModel' does not contain a definition for 'TotalTime' and no accessible extension method 'TotalTime' accepting a first argument of type 'LiveTrackingSessionModel' could be found (are you missing a using directive or an assembly reference?) [D:\Time Tracking - CRM\time-tracking-csharp\SCHLStudio.App\SCHLStudio.App_zrzgz2m3_wpftmp.csproj]
D:\Time Tracking - CRM\time-tracking-csharp\SCHLStudio.App\ViewModels\LiveTracking\Tabs\ProductionTabViewModel.cs(85,59): error CS1061: 'LiveTrackingSessionModel' does not contain a definition for 'TotalTime' and no accessible extension method 'TotalTime' accepting a first argument of type 'LiveTrackingSessionModel' could be found (are you missing a using directive or an assembly reference?) [D:\Time Tracking - CRM\time-tracking-csharp\SCHLStudio.App\SCHLStudio.App_zrzgz2m3_wpftmp.csproj]

Build FAILED.

D:\Time Tracking - CRM\time-tracking-csharp\SCHLStudio.App\ViewModels\LiveTracking\Tabs\QcTabViewModel.cs(85,38): error CS1061: 'LiveTrackingSessionModel' does not contain a definition for 'TotalFiles' and no accessible extension method 'TotalFiles' accepting a first argument of type 'LiveTrackingSessionModel' could be found (are you missing a using directive or an assembly reference?) [D:\Time Tracking - CRM\time-tracking-csharp\SCHLStudio.App\SCHLStudio.App_zrzgz2m3_wpftmp.csproj]
D:\Time Tracking - CRM\time-tracking-csharp\SCHLStudio.App\ViewModels\LiveTracking\Tabs\QcTabViewModel.cs(85,60): error CS1061: 'LiveTrackingSessionModel' does not contain a definition for 'TotalFiles' and no accessible extension method 'TotalFiles' accepting a first argument of type 'LiveTrackingSessionModel' could be found (are you missing a using directive or an assembly reference?) [D:\Time Tracking - CRM\time-tracking-csharp\SCHLStudio.App\SCHLStudio.App_zrzgz2m3_wpftmp.csproj]
D:\Time Tracking - CRM\time-tracking-csharp\SCHLStudio.App\ViewModels\LiveTracking\Tabs\QcTabViewModel.cs(86,38): error CS1061: 'LiveTrackingSessionModel' does not contain a definition for 'CompletedFiles' and no accessible extension method 'CompletedFiles' accepting a first argument of type 'LiveTrackingSessionModel' could be found (are you missing a using directive or an assembly reference?) [D:\Time Tracking - CRM\time-tracking-csharp\SCHLStudio.App\SCHLStudio.App_zrzgz2m3_wpftmp.csproj]
D:\Time Tracking - CRM\time-tracking-csharp\SCHLStudio.App\ViewModels\LiveTracking\Tabs\QcTabViewModel.cs(86,64): error CS1061: 'LiveTrackingSessionModel' does not contain a definition for 'CompletedFiles' and no accessible extension method 'CompletedFiles' accepting a first argument of type 'LiveTrackingSessionModel' could be found (are you missing a using directive or an assembly reference?) [D:\Time Tracking - CRM\time-tracking-csharp\SCHLStudio.App\SCHLStudio.App_zrzgz2m3_wpftmp.csproj]
D:\Time Tracking - CRM\time-tracking-csharp\SCHLStudio.App\ViewModels\LiveTracking\Tabs\QcTabViewModel.cs(87,38): error CS1061: 'LiveTrackingSessionModel' does not contain a definition for 'TotalTime' and no accessible extension method 'TotalTime' accepting a first argument of type 'LiveTrackingSessionModel' could be found (are you missing a using directive or an assembly reference?) [D:\Time Tracking - CRM\time-tracking-csharp\SCHLStudio.App\SCHLStudio.App_zrzgz2m3_wpftmp.csproj]
D:\Time Tracking - CRM\time-tracking-csharp\SCHLStudio.App\ViewModels\LiveTracking\Tabs\QcTabViewModel.cs(87,59): error CS1061: 'LiveTrackingSessionModel' does not contain a definition for 'TotalTime' and no accessible extension method 'TotalTime' accepting a first argument of type 'LiveTrackingSessionModel' could be found (are you missing a using directive or an assembly reference?) [D:\Time Tracking - CRM\time-tracking-csharp\SCHLStudio.App\SCHLStudio.App_zrzgz2m3_wpftmp.csproj]
D:\Time Tracking - CRM\time-tracking-csharp\SCHLStudio.App\ViewModels\LiveTracking\Tabs\ProductionTabViewModel.cs(83,38): error CS1061: 'LiveTrackingSessionModel' does not contain a definition for 'TotalFiles' and no accessible extension method 'TotalFiles' accepting a first argument of type 'LiveTrackingSessionModel' could be found (are you missing a using directive or an assembly reference?) [D:\Time Tracking - CRM\time-tracking-csharp\SCHLStudio.App\SCHLStudio.App_zrzgz2m3_wpftmp.csproj]
D:\Time Tracking - CRM\time-tracking-csharp\SCHLStudio.App\ViewModels\LiveTracking\Tabs\ProductionTabViewModel.cs(83,60): error CS1061: 'LiveTrackingSessionModel' does not contain a definition for 'TotalFiles' and no accessible extension method 'TotalFiles' accepting a first argument of type 'LiveTrackingSessionModel' could be found (are you missing a using directive or an assembly reference?) [D:\Time Tracking - CRM\time-tracking-csharp\SCHLStudio.App\SCHLStudio.App_zrzgz2m3_wpftmp.csproj]
D:\Time Tracking - CRM\time-tracking-csharp\SCHLStudio.App\ViewModels\LiveTracking\Tabs\ProductionTabViewModel.cs(84,38): error CS1061: 'LiveTrackingSessionModel' does not contain a definition for 'CompletedFiles' and no accessible extension method 'CompletedFiles' accepting a first argument of type 'LiveTrackingSessionModel' could be found (are you missing a using directive or an assembly reference?) [D:\Time Tracking - CRM\time-tracking-csharp\SCHLStudio.App\SCHLStudio.App_zrzgz2m3_wpftmp.csproj]
D:\Time Tracking - CRM\time-tracking-csharp\SCHLStudio.App\ViewModels\LiveTracking\Tabs\ProductionTabViewModel.cs(84,64): error CS1061: 'LiveTrackingSessionModel' does not contain a definition for 'CompletedFiles' and no accessible extension method 'CompletedFiles' accepting a first argument of type 'LiveTrackingSessionModel' could be found (are you missing a using directive or an assembly reference?) [D:\Time Tracking - CRM\time-tracking-csharp\SCHLStudio.App\SCHLStudio.App_zrzgz2m3_wpftmp.csproj]
D:\Time Tracking - CRM\time-tracking-csharp\SCHLStudio.App\ViewModels\LiveTracking\Tabs\ProductionTabViewModel.cs(85,38): error CS1061: 'LiveTrackingSessionModel' does not contain a definition for 'TotalTime' and no accessible extension method 'TotalTime' accepting a first argument of type 'LiveTrackingSessionModel' could be found (are you missing a using directive or an assembly reference?) [D:\Time Tracking - CRM\time-tracking-csharp\SCHLStudio.App\SCHLStudio.App_zrzgz2m3_wpftmp.csproj]
D:\Time Tracking - CRM\time-tracking-csharp\SCHLStudio.App\ViewModels\LiveTracking\Tabs\ProductionTabViewModel.cs(85,59): error CS1061: 'LiveTrackingSessionModel' does not contain a definition for 'TotalTime' and no accessible extension method 'TotalTime' accepting a first argument of type 'LiveTrackingSessionModel' could be found (are you missing a using directive or an assembly reference?) [D:\Time Tracking - CRM\time-tracking-csharp\SCHLStudio.App\SCHLStudio.App_zrzgz2m3_wpftmp.csproj]
    0 Warning(s)
    12 Error(s)

Time Elapsed 00:00:01.25
